V3 3
FL C:/Users/Asus/Desktop/lab7/universal_without_mux_dff/contoroll.vhd 2022/05/13.07:40:36 P.20131013
EN work/contoroll 1652452838 \
      FL C:/Users/Asus/Desktop/lab7/universal_without_mux_dff/contoroll.vhd \
      PB ieee/std_logic_1164 1381692176
AR work/contoroll/behavioural 1652452839 \
      FL C:/Users/Asus/Desktop/lab7/universal_without_mux_dff/contoroll.vhd \
      EN work/contoroll 1652452838
