Release 14.7 - xst P.20131013 (nt64)
Copyright (c) 1995-2013 Xilinx, Inc.  All rights reserved.
--> Parameter TMPDIR set to xst/projnav.tmp


Total REAL time to Xst completion: 0.00 secs
Total CPU time to Xst completion: 0.09 secs
 
--> Parameter xsthdpdir set to xst


Total REAL time to Xst completion: 0.00 secs
Total CPU time to Xst completion: 0.09 secs
 
--> Reading design: division.prj

TABLE OF CONTENTS
  1) Synthesis Options Summary
  2) HDL Parsing
  3) HDL Elaboration
  4) HDL Synthesis
       4.1) HDL Synthesis Report
  5) Advanced HDL Synthesis
       5.1) Advanced HDL Synthesis Report
  6) Low Level Synthesis
  7) Partition Report
  8) Design Summary
       8.1) Primitive and Black Box Usage
       8.2) Device utilization summary
       8.3) Partition Resource Summary
       8.4) Timing Report
            8.4.1) Clock Information
            8.4.2) Asynchronous Control Signals Information
            8.4.3) Timing Summary
            8.4.4) Timing Details
            8.4.5) Cross Clock Domains Report


=========================================================================
*                      Synthesis Options Summary                        *
=========================================================================
---- Source Parameters
Input File Name                    : "division.prj"
Ignore Synthesis Constraint File   : NO

---- Target Parameters
Output File Name                   : "division"
Output Format                      : NGC
Target Device                      : xc6slx4-3-tqg144

---- Source Options
Top Module Name                    : division
Automatic FSM Extraction           : YES
FSM Encoding Algorithm             : Auto
Safe Implementation                : No
FSM Style                          : LUT
RAM Extraction                     : Yes
RAM Style                          : Auto
ROM Extraction                     : Yes
Shift Register Extraction          : YES
ROM Style                          : Auto
Resource Sharing                   : YES
Asynchronous To Synchronous        : NO
Shift Register Minimum Size        : 2
Use DSP Block                      : Auto
Automatic Register Balancing       : No

---- Target Options
LUT Combining                      : Auto
Reduce Control Sets                : Auto
Add IO Buffers                     : YES
Global Maximum Fanout              : 100000
Add Generic Clock Buffer(BUFG)     : 16
Register Duplication               : YES
Optimize Instantiated Primitives   : NO
Use Clock Enable                   : Auto
Use Synchronous Set                : Auto
Use Synchronous Reset              : Auto
Pack IO Registers into IOBs        : Auto
Equivalent register Removal        : YES

---- General Options
Optimization Goal                  : Speed
Optimization Effort                : 1
Power Reduction                    : NO
Keep Hierarchy                     : No
Netlist Hierarchy                  : As_Optimized
RTL Output                         : Yes
Global Optimization                : AllClockNets
Read Cores                         : YES
Write Timing Constraints           : NO
Cross Clock Analysis               : NO
Hierarchy Separator                : /
Bus Delimiter                      : <>
Case Specifier                     : Maintain
Slice Utilization Ratio            : 100
BRAM Utilization Ratio             : 100
DSP48 Utilization Ratio            : 100
Auto BRAM Packing                  : NO
Slice Utilization Ratio Delta      : 5

=========================================================================


=========================================================================
*                          HDL Parsing                                  *
=========================================================================
Parsing VHDL file "C:\Users\Asus\Desktop\lab_9\divisor_8_4\divisor.vhd" into library work
Parsing entity <division>.
Parsing architecture <Behavioral> of entity <division>.

=========================================================================
*                            HDL Elaboration                            *
=========================================================================

Elaborating entity <division> (architecture <Behavioral>) from library <work>.

=========================================================================
*                           HDL Synthesis                               *
=========================================================================

Synthesizing Unit <division>.
    Related source file is "C:\Users\Asus\Desktop\lab_9\divisor_8_4\divisor.vhd".
    Found 4-bit subtractor for signal <GND_6_o_GND_6_o_sub_5_OUT<3:0>> created at line 75.
    Found 4-bit subtractor for signal <GND_6_o_GND_6_o_sub_12_OUT<3:0>> created at line 75.
    Found 4-bit subtractor for signal <GND_6_o_GND_6_o_sub_19_OUT<3:0>> created at line 75.
    Found 4-bit subtractor for signal <GND_6_o_GND_6_o_sub_26_OUT<3:0>> created at line 75.
    Found 1-bit tristate buffer for signal <remainder<3>> created at line 42
    Found 1-bit tristate buffer for signal <remainder<2>> created at line 42
    Found 1-bit tristate buffer for signal <remainder<1>> created at line 42
    Found 1-bit tristate buffer for signal <remainder<0>> created at line 42
    Found 1-bit tristate buffer for signal <quotient<3>> created at line 42
    Found 1-bit tristate buffer for signal <quotient<2>> created at line 42
    Found 1-bit tristate buffer for signal <quotient<1>> created at line 42
    Found 1-bit tristate buffer for signal <quotient<0>> created at line 42
    Found 4-bit comparator greater for signal <divisor[3]_INV_18_o> created at line 52
    Found 4-bit comparator lessequal for signal <n0003> created at line 74
    Found 4-bit comparator lessequal for signal <n0012> created at line 74
    Found 4-bit comparator lessequal for signal <n0021> created at line 74
    Found 4-bit comparator lessequal for signal <n0030> created at line 74
    Summary:
	inferred   4 Adder/Subtractor(s).
	inferred   5 Comparator(s).
	inferred  20 Multiplexer(s).
	inferred   8 Tristate(s).
Unit <division> synthesized.

=========================================================================
HDL Synthesis Report

Macro Statistics
# Adders/Subtractors                                   : 4
 4-bit subtractor                                      : 4
# Comparators                                          : 5
 4-bit comparator greater                              : 1
 4-bit comparator lessequal                            : 4
# Multiplexers                                         : 20
 1-bit 2-to-1 multiplexer                              : 8
 4-bit 2-to-1 multiplexer                              : 12
# Tristates                                            : 8
 1-bit tristate buffer                                 : 8

=========================================================================

=========================================================================
*                       Advanced HDL Synthesis                          *
=========================================================================


=========================================================================
Advanced HDL Synthesis Report

Macro Statistics
# Adders/Subtractors                                   : 4
 4-bit subtractor                                      : 4
# Comparators                                          : 5
 4-bit comparator greater                              : 1
 4-bit comparator lessequal                            : 4
# Multiplexers                                         : 20
 1-bit 2-to-1 multiplexer                              : 8
 4-bit 2-to-1 multiplexer                              : 12

=========================================================================

=========================================================================
*                         Low Level Synthesis                           *
=========================================================================

Optimizing unit <division> ...

Mapping all equations...
Building and optimizing final netlist ...
Found area constraint ratio of 100 (+ 5) on block division, actual ratio is 3.

Final Macro Processing ...

=========================================================================
Final Register Report

Found no macro
=========================================================================

=========================================================================
*                           Partition Report                            *
=========================================================================

Partition Implementation Status
-------------------------------

  No Partitions were found in this design.

-------------------------------

=========================================================================
*                            Design Summary                             *
=========================================================================

Top Level Output File Name         : division.ngc

Primitive and Black Box Usage:
------------------------------
# BELS                             : 40
#      LUT2                        : 3
#      LUT3                        : 1
#      LUT4                        : 4
#      LUT5                        : 10
#      LUT6                        : 21
#      MUXF7                       : 1
# IO Buffers                       : 21
#      IBUF                        : 12
#      OBUF                        : 1
#      OBUFT                       : 8

Device utilization summary:
---------------------------

Selected Device : 6slx4tqg144-3 


Slice Logic Utilization: 
 Number of Slice LUTs:                   39  out of   2400     1%  
    Number used as Logic:                39  out of   2400     1%  

Slice Logic Distribution: 
 Number of LUT Flip Flop pairs used:     39
   Number with an unused Flip Flop:      39  out of     39   100%  
   Number with an unused LUT:             0  out of     39     0%  
   Number of fully used LUT-FF pairs:     0  out of     39     0%  
   Number of unique control sets:         0

IO Utilization: 
 Number of IOs:                          21
 Number of bonded IOBs:                  21  out of    102    20%  

Specific Feature Utilization:

---------------------------
Partition Resource Summary:
---------------------------

  No Partitions were found in this design.

---------------------------


=========================================================================
Timing Report

NOTE: THESE TIMING NUMBERS ARE ONLY A SYNTHESIS ESTIMATE.
      FOR ACCURATE TIMING INFORMATION PLEASE REFER TO THE TRACE REPORT
      GENERATED AFTER PLACE-and-ROUTE.

Clock Information:
------------------
No clock signals found in this design

Asynchronous Control Signals Information:
----------------------------------------
No asynchronous control signals found in this design

Timing Summary:
---------------
Speed Grade: -3

   Minimum period: No path found
   Minimum input arrival time before clock: No path found
   Maximum output required time after clock: No path found
   Maximum combinational path delay: 16.224ns

Timing Details:
---------------
All values displayed in nanoseconds (ns)

=========================================================================
Timing constraint: Default path analysis
  Total number of paths / destination ports: 16848 / 9
-------------------------------------------------------------------------
Delay:               16.224ns (Levels of Logic = 13)
  Source:            divisor<0> (PAD)
  Destination:       remainder<1> (PAD)

  Data Path: divisor<0> to remainder<1>
                                Gate     Net
    Cell:in->out      fanout   Delay   Delay  Logical Name (Net Name)
    ----------------------------------------  ------------
     IBUF:I->O            20   1.222   1.197  divisor_0_IBUF (divisor_0_IBUF)
     LUT2:I0->O            3   0.203   1.015  Msub_GND_6_o_GND_6_o_sub_5_OUT<3:0>_cy<0>1 (Msub_GND_6_o_GND_6_o_sub_5_OUT<3:0>_cy<0>)
     LUT6:I0->O            1   0.203   0.000  divisor[3]_dividend[6]_LessThan_4_o1_F (N25)
     MUXF7:I0->O           7   0.131   0.774  divisor[3]_dividend[6]_LessThan_4_o1 (divisor[3]_dividend[6]_LessThan_4_o)
     LUT2:I1->O            1   0.205   0.580  Mmux_dividend[6]_GND_6_o_mux_7_OUT3_SW1 (N23)
     LUT6:I5->O            3   0.205   0.995  Mmux_dividend[6]_GND_6_o_mux_7_OUT3 (dividend[6]_GND_6_o_mux_7_OUT<2>)
     LUT5:I0->O            6   0.203   1.109  divisor[3]_dividend[6]_LessThan_11_o1 (divisor[3]_dividend[6]_LessThan_11_o)
     LUT6:I0->O            4   0.203   0.931  Mmux_GND_6_o_PWR_6_o_MUX_12_o121 (dividend[6]_GND_6_o_mux_14_OUT<1>)
     LUT5:I1->O            6   0.203   1.109  divisor[3]_dividend[6]_LessThan_18_o1 (divisor[3]_dividend[6]_LessThan_18_o)
     LUT6:I0->O            4   0.203   0.931  Mmux_GND_6_o_PWR_6_o_MUX_14_o121 (dividend[6]_GND_6_o_mux_21_OUT<1>)
     LUT5:I1->O            4   0.203   1.048  divisor[3]_dividend[6]_LessThan_25_o1 (divisor[3]_dividend[6]_LessThan_25_o)
     LUT6:I0->O            1   0.203   0.579  Mmux_GND_6_o_PWR_6_o_MUX_16_o121 (remainder_1_OBUFT)
     OBUFT:I->O                2.571          remainder_1_OBUFT (remainder<1>)
    ----------------------------------------
    Total                     16.224ns (5.958ns logic, 10.266ns route)
                                       (36.7% logic, 63.3% route)

=========================================================================

Cross Clock Domains Report:
--------------------------

=========================================================================


Total REAL time to Xst completion: 5.00 secs
Total CPU time to Xst completion: 5.20 secs
 
--> 

Total memory usage is 4502356 kilobytes

Number of errors   :    0 (   0 filtered)
Number of warnings :    0 (   0 filtered)
Number of infos    :    0 (   0 filtered)

