--------------------------------------------------------------------------------
Release 14.7 Trace  (nt64)
Copyright (c) 1995-2013 Xilinx, Inc.  All rights reserved.

C:\Xilinx\14.7\ISE_DS\ISE\bin\nt64\unwrapped\trce.exe -intstyle ise -v 3 -s 2
-n 3 -fastpaths -xml RippleCarryAdder8bit.twx RippleCarryAdder8bit.ncd -o
RippleCarryAdder8bit.twr RippleCarryAdder8bit.pcf

Design file:              RippleCarryAdder8bit.ncd
Physical constraint file: RippleCarryAdder8bit.pcf
Device,package,speed:     xc6slx9,cpg196,C,-2 (PRODUCTION 1.23 2013-10-13)
Report level:             verbose report

Environment Variable      Effect 
--------------------      ------ 
NONE                      No environment variables were set
--------------------------------------------------------------------------------

INFO:Timing:2698 - No timing constraints found, doing default enumeration.
INFO:Timing:3412 - To improve timing, see the Timing Closure User Guide (UG612).
INFO:Timing:2752 - To get complete path coverage, use the unconstrained paths 
   option. All paths that are not constrained will be reported in the 
   unconstrained paths section(s) of the report.
INFO:Timing:3339 - The clock-to-out numbers in this timing report are based on 
   a 50 Ohm transmission line loading model.  For the details of this model, 
   and for more information on accounting for different loading conditions, 
   please see the device datasheet.



Data Sheet report:
-----------------
All values displayed in nanoseconds (ns)

Pad to Pad
---------------+---------------+---------+
Source Pad     |Destination Pad|  Delay  |
---------------+---------------+---------+
a<0>           |c<1>           |   14.220|
a<0>           |c<2>           |   24.022|
a<0>           |c<3>           |   34.269|
a<0>           |c<4>           |   44.673|
a<0>           |c<5>           |   55.358|
a<0>           |c<6>           |   65.308|
a<0>           |c<7>           |   76.111|
a<0>           |cout           |   84.701|
a<0>           |s<0>           |   13.961|
a<0>           |s<1>           |   23.443|
a<0>           |s<2>           |   33.980|
a<0>           |s<3>           |   44.193|
a<0>           |s<4>           |   55.041|
a<0>           |s<5>           |   65.217|
a<0>           |s<6>           |   75.835|
a<0>           |s<7>           |   86.605|
a<1>           |c<2>           |   13.428|
a<1>           |c<3>           |   23.675|
a<1>           |c<4>           |   34.079|
a<1>           |c<5>           |   44.764|
a<1>           |c<6>           |   54.714|
a<1>           |c<7>           |   65.517|
a<1>           |cout           |   74.107|
a<1>           |s<1>           |   12.849|
a<1>           |s<2>           |   23.386|
a<1>           |s<3>           |   33.599|
a<1>           |s<4>           |   44.447|
a<1>           |s<5>           |   54.623|
a<1>           |s<6>           |   65.241|
a<1>           |s<7>           |   76.011|
a<2>           |c<3>           |   13.326|
a<2>           |c<4>           |   23.730|
a<2>           |c<5>           |   34.415|
a<2>           |c<6>           |   44.365|
a<2>           |c<7>           |   55.168|
a<2>           |cout           |   63.758|
a<2>           |s<2>           |   13.037|
a<2>           |s<3>           |   23.250|
a<2>           |s<4>           |   34.098|
a<2>           |s<5>           |   44.274|
a<2>           |s<6>           |   54.892|
a<2>           |s<7>           |   65.662|
a<3>           |c<4>           |   13.619|
a<3>           |c<5>           |   24.304|
a<3>           |c<6>           |   34.254|
a<3>           |c<7>           |   45.057|
a<3>           |cout           |   53.647|
a<3>           |s<3>           |   13.139|
a<3>           |s<4>           |   23.987|
a<3>           |s<5>           |   34.163|
a<3>           |s<6>           |   44.781|
a<3>           |s<7>           |   55.551|
a<4>           |c<5>           |   13.745|
a<4>           |c<6>           |   23.695|
a<4>           |c<7>           |   34.498|
a<4>           |cout           |   43.088|
a<4>           |s<4>           |   13.428|
a<4>           |s<5>           |   23.604|
a<4>           |s<6>           |   34.222|
a<4>           |s<7>           |   44.992|
a<5>           |c<6>           |   13.982|
a<5>           |c<7>           |   24.785|
a<5>           |cout           |   33.375|
a<5>           |s<5>           |   13.891|
a<5>           |s<6>           |   24.509|
a<5>           |s<7>           |   35.279|
a<6>           |c<7>           |   14.005|
a<6>           |cout           |   22.595|
a<6>           |s<6>           |   13.729|
a<6>           |s<7>           |   24.499|
a<7>           |cout           |   11.999|
a<7>           |s<7>           |   13.903|
b<0>           |c<1>           |   13.482|
b<0>           |c<2>           |   23.284|
b<0>           |c<3>           |   33.531|
b<0>           |c<4>           |   43.935|
b<0>           |c<5>           |   54.620|
b<0>           |c<6>           |   64.570|
b<0>           |c<7>           |   75.373|
b<0>           |cout           |   83.963|
b<0>           |s<0>           |   13.223|
b<0>           |s<1>           |   22.705|
b<0>           |s<2>           |   33.242|
b<0>           |s<3>           |   43.455|
b<0>           |s<4>           |   54.303|
b<0>           |s<5>           |   64.479|
b<0>           |s<6>           |   75.097|
b<0>           |s<7>           |   85.867|
b<1>           |c<2>           |   13.747|
b<1>           |c<3>           |   23.994|
b<1>           |c<4>           |   34.398|
b<1>           |c<5>           |   45.083|
b<1>           |c<6>           |   55.033|
b<1>           |c<7>           |   65.836|
b<1>           |cout           |   74.426|
b<1>           |s<1>           |   13.168|
b<1>           |s<2>           |   23.705|
b<1>           |s<3>           |   33.918|
b<1>           |s<4>           |   44.766|
b<1>           |s<5>           |   54.942|
b<1>           |s<6>           |   65.560|
b<1>           |s<7>           |   76.330|
b<2>           |c<3>           |   12.941|
b<2>           |c<4>           |   23.345|
b<2>           |c<5>           |   34.030|
b<2>           |c<6>           |   43.980|
b<2>           |c<7>           |   54.783|
b<2>           |cout           |   63.373|
b<2>           |s<2>           |   12.652|
b<2>           |s<3>           |   22.865|
b<2>           |s<4>           |   33.713|
b<2>           |s<5>           |   43.889|
b<2>           |s<6>           |   54.507|
b<2>           |s<7>           |   65.277|
b<3>           |c<4>           |   13.295|
b<3>           |c<5>           |   23.980|
b<3>           |c<6>           |   33.930|
b<3>           |c<7>           |   44.733|
b<3>           |cout           |   53.323|
b<3>           |s<3>           |   12.815|
b<3>           |s<4>           |   23.663|
b<3>           |s<5>           |   33.839|
b<3>           |s<6>           |   44.457|
b<3>           |s<7>           |   55.227|
b<4>           |c<5>           |   13.138|
b<4>           |c<6>           |   23.088|
b<4>           |c<7>           |   33.891|
b<4>           |cout           |   42.481|
b<4>           |s<4>           |   12.821|
b<4>           |s<5>           |   22.997|
b<4>           |s<6>           |   33.615|
b<4>           |s<7>           |   44.385|
b<5>           |c<6>           |   13.319|
b<5>           |c<7>           |   24.122|
b<5>           |cout           |   32.712|
b<5>           |s<5>           |   13.228|
b<5>           |s<6>           |   23.846|
b<5>           |s<7>           |   34.616|
b<6>           |c<7>           |   12.154|
b<6>           |cout           |   20.744|
b<6>           |s<6>           |   11.878|
b<6>           |s<7>           |   22.648|
b<7>           |cout           |   10.152|
b<7>           |s<7>           |   12.056|
c<1>           |c<2>           |   12.710|
c<1>           |c<3>           |   22.957|
c<1>           |c<4>           |   33.361|
c<1>           |c<5>           |   44.046|
c<1>           |c<6>           |   53.996|
c<1>           |c<7>           |   64.799|
c<1>           |cout           |   73.389|
c<1>           |s<1>           |   12.131|
c<1>           |s<2>           |   22.668|
c<1>           |s<3>           |   32.881|
c<1>           |s<4>           |   43.729|
c<1>           |s<5>           |   53.905|
c<1>           |s<6>           |   64.523|
c<1>           |s<7>           |   75.293|
c<2>           |c<3>           |   13.155|
c<2>           |c<4>           |   23.559|
c<2>           |c<5>           |   34.244|
c<2>           |c<6>           |   44.194|
c<2>           |c<7>           |   54.997|
c<2>           |cout           |   63.587|
c<2>           |s<2>           |   12.866|
c<2>           |s<3>           |   23.079|
c<2>           |s<4>           |   33.927|
c<2>           |s<5>           |   44.103|
c<2>           |s<6>           |   54.721|
c<2>           |s<7>           |   65.491|
c<3>           |c<4>           |   13.312|
c<3>           |c<5>           |   23.997|
c<3>           |c<6>           |   33.947|
c<3>           |c<7>           |   44.750|
c<3>           |cout           |   53.340|
c<3>           |s<3>           |   12.832|
c<3>           |s<4>           |   23.680|
c<3>           |s<5>           |   33.856|
c<3>           |s<6>           |   44.474|
c<3>           |s<7>           |   55.244|
c<4>           |c<5>           |   13.593|
c<4>           |c<6>           |   23.543|
c<4>           |c<7>           |   34.346|
c<4>           |cout           |   42.936|
c<4>           |s<4>           |   13.276|
c<4>           |s<5>           |   23.452|
c<4>           |s<6>           |   34.070|
c<4>           |s<7>           |   44.840|
c<5>           |c<6>           |   12.858|
c<5>           |c<7>           |   23.661|
c<5>           |cout           |   32.251|
c<5>           |s<5>           |   12.767|
c<5>           |s<6>           |   23.385|
c<5>           |s<7>           |   34.155|
c<6>           |c<7>           |   13.711|
c<6>           |cout           |   22.301|
c<6>           |s<6>           |   13.435|
c<6>           |s<7>           |   24.205|
c<7>           |cout           |   11.498|
c<7>           |s<7>           |   13.402|
cin            |c<1>           |   12.817|
cin            |c<2>           |   22.619|
cin            |c<3>           |   32.866|
cin            |c<4>           |   43.270|
cin            |c<5>           |   53.955|
cin            |c<6>           |   63.905|
cin            |c<7>           |   74.708|
cin            |cout           |   83.298|
cin            |s<0>           |   12.558|
cin            |s<1>           |   22.040|
cin            |s<2>           |   32.577|
cin            |s<3>           |   42.790|
cin            |s<4>           |   53.638|
cin            |s<5>           |   63.814|
cin            |s<6>           |   74.432|
cin            |s<7>           |   85.202|
---------------+---------------+---------+


Analysis completed Thu Apr 21 11:06:24 2022 
--------------------------------------------------------------------------------

Trace Settings:
-------------------------
Trace Settings 

Peak Memory Usage: 4571 MB



